// Jest Snapshot v1, https://goo.gl/fbAQLP

exports[`TimeInput renders correctly 1`] = `
<div
  class="fd-time__input"
>
  <input
    aria-label="Time"
    class="fd-form__control"
    id="input"
    maxlength="2"
    placeholder="Enter value"
    type="text"
  />
</div>
`;
