// Jest Snapshot v1, https://goo.gl/fbAQLP

exports[`TimeItem renders correctly 1`] = `
<div
  class="fd-time"
>
  <div
    aria-label="Time Item"
    class="fd-time__item"
  >
    <div
      class="fd-time__control"
    >
      <button
        class="fd-button--light fd-button--standard sap-icon--navigation-up-arrow"
        compact="compact"
      >
        
      </button>
    </div>
     
    <div
      class="fd-time__input"
    >
      <input
        class="fd-form__control"
        maxlength="2"
        placeholder="hh"
        type="text"
      />
    </div>
     
    <div
      class="fd-time__control"
    >
      <button
        class="fd-button--light fd-button--standard sap-icon--navigation-down-arrow"
        compact="compact"
      >
        
      </button>
    </div>
  </div>
   
  <div
    aria-label="Time Item"
    class="fd-time__item"
  >
    <div
      class="fd-time__control"
    >
      <button
        class="fd-button--light fd-button--standard sap-icon--navigation-up-arrow"
        compact="compact"
      >
        
      </button>
    </div>
     
    <div
      class="fd-time__input"
    >
      <input
        class="fd-form__control"
        maxlength="2"
        placeholder="mm"
        type="text"
      />
    </div>
     
    <div
      class="fd-time__control"
    >
      <button
        class="fd-button--light fd-button--standard sap-icon--navigation-down-arrow"
        compact="compact"
      >
        
      </button>
    </div>
  </div>
   
  <div
    aria-label="Time Item"
    class="fd-time__item"
  >
    <div
      class="fd-time__control"
    >
      <button
        class="fd-button--light fd-button--standard sap-icon--navigation-up-arrow"
        compact="compact"
      >
        
      </button>
    </div>
     
    <div
      class="fd-time__input"
    >
      <input
        class="fd-form__control"
        maxlength="2"
        placeholder="ss"
        type="text"
      />
    </div>
     
    <div
      class="fd-time__control"
    >
      <button
        class="fd-button--light fd-button--standard sap-icon--navigation-down-arrow"
        compact="compact"
      >
        
      </button>
    </div>
  </div>
   
  <div
    aria-label="Time Item"
    class="fd-time__item"
  >
    <div
      class="fd-time__control"
    >
      <button
        class="fd-button--light fd-button--standard sap-icon--navigation-up-arrow"
        compact="compact"
      >
        
      </button>
    </div>
     
    <div
      class="fd-time__input"
    >
      <input
        class="fd-form__control"
        maxlength="2"
        placeholder="am"
        type="text"
      />
    </div>
     
    <div
      class="fd-time__control"
    >
      <button
        class="fd-button--light fd-button--standard sap-icon--navigation-down-arrow"
        compact="compact"
      >
        
      </button>
    </div>
  </div>
</div>
`;
