// Jest Snapshot v1, https://goo.gl/fbAQLP

exports[`TimeAction renders correctly 1`] = `
<div
  class="fd-time__control"
>
  <button
    aria-controls="Time Hour"
    aria-label="Increase Hour"
    class="fd-button--compact fd-button--light fd-button--standard sap-icon--navigation-up-arrow"
  >
    Action Title
  </button>
</div>
`;
