// Jest Snapshot v1, https://goo.gl/fbAQLP

exports[`Icon Test Scripts Renders correctly 1`] = `
<span
  class="sap-icon--cart sap-icon--s"
/>
`;
